Last login: Tue May 18 12:05:49 on ttys000
devmittal@Devs-MacBook-Air ~ % pwd      
/Users/devmittal
devmittal@Devs-MacBook-Air ~ % pwd Documents
pwd: too many arguments
devmittal@Devs-MacBook-Air ~ % cleaer
zsh: command not found: cleaer
devmittal@Devs-MacBook-Air ~ % clear
















devmittal@Devs-MacBook-Air ~ % cd Documents
devmittal@Devs-MacBook-Air Documents % cd Ex_Files_Apache_Kafka
devmittal@Devs-MacBook-Air Ex_Files_Apache_Kafka % cd Exercise Files
cd: string not in pwd: Exercise
devmittal@Devs-MacBook-Air Ex_Files_Apache_Kafka % pwd
/Users/devmittal/Documents/Ex_Files_Apache_Kafka
devmittal@Devs-MacBook-Air Ex_Files_Apache_Kafka % docker-compose -f kafka-single-node.yml up -d
zsh: command not found: docker-compose
devmittal@Devs-MacBook-Air Ex_Files_Apache_Kafka % docker-compose -f kafka-single-node.yml up -d
ERROR: .FileNotFoundError: [Errno 2] No such file or directory: './kafka-single-node.yml'
devmittal@Devs-MacBook-Air Ex_Files_Apache_Kafka % cd Exercise Files
cd: string not in pwd: Exercise
devmittal@Devs-MacBook-Air Ex_Files_Apache_Kafka % clear








devmittal@Devs-MacBook-Air Ex_Files_Apache_Kafka % cd Exercise Files
cd: string not in pwd: Exercise
devmittal@Devs-MacBook-Air Ex_Files_Apache_Kafka % cd ~
devmittal@Devs-MacBook-Air ~ % cd Documents/Ex_Files_Apache_Kafka/Exercise Files
cd: string not in pwd: Documents/Ex_Files_Apache_Kafka/Exercise
devmittal@Devs-MacBook-Air ~ % clear    

















devmittal@Devs-MacBook-Air ~ % cd Documents
devmittal@Devs-MacBook-Air Documents % cd Ex_Files_Apache_Kafka
devmittal@Devs-MacBook-Air Ex_Files_Apache_Kafka % cd Exercise Files
cd: string not in pwd: Exercise
devmittal@Devs-MacBook-Air Ex_Files_Apache_Kafka % cd Exercise Files
cd: string not in pwd: Exercise
devmittal@Devs-MacBook-Air Ex_Files_Apache_Kafka % docker-compose -f -kafka-single-node.yml up -d
ERROR: .FileNotFoundError: [Errno 2] No such file or directory: './-kafka-single-node.yml'
devmittal@Devs-MacBook-Air Ex_Files_Apache_Kafka % docker-compose -f kafka-single-node.yml up -d
Docker Compose is now in the Docker CLI, try `docker compose up`

4fb7b694fe70: Downloading [============================>                      ]  15.29MB/26.71MB
Pulling zookeeper (bitnami/zookeeper:latest)...
4fb7b694fe70: Pull complete
d8907a6e0d5a: Pull complete
37d03c49bdd9: Pull complete
2b67ccd4a0f5: Pull complete
a3e84c58ff5e: Pull complete
c6a09c96b57e: Pull complete
a8e54ed4cf36: Pull complete
5b6fe83b11b7: Pull complete
6cdecd326dee: Pull complete
e2956a91979e: Pull complete
fef6fc152e2d: Pull complete
dccf4fdd9b35: Pull complete
Digest: sha256:0a1f69bea2b666584517fdd0d351a6cadffb63c9c427615f7b4314768502e8f9
Status: Downloaded newer image for bitnami/zookeeper:latest
Pulling kafka (bitnami/kafka:latest)...
latest: Pulling from bitnami/kafka
4fb7b694fe70: Already exists
c821f0e9b584: Pull complete
e37ed75a84f9: Downloading [===============>                                   ]  64.51MB/207.8MB
e37ed75a84f9: Pull complete
68df37141c85: Pull complete
3cde30476abc: Pull complete
54bdf4eb4e50: Pull complete
582b925ed819: Pull complete
5574ad08275a: Pull complete
2017394b5647: Pull complete
73ea420176c6: Pull complete
03edf4ef649b: Pull complete
26d5806c374a: Pull complete
Digest: sha256:6aed7ec293c9c04d06daf6e6d510a4fed9edd80ece2e65d5be5bd4d819a1d770
Status: Downloaded newer image for bitnami/kafka:latest
Creating zookeeper ... done
Creating kafka-broker ... done
devmittal@Devs-MacBook-Air Ex_Files_Apache_Kafka % docker ps
CONTAINER ID   IMAGE                      COMMAND                  CREATED          STATUS          PORTS                                                                                      NAMES
217a0d1fbf8d   bitnami/kafka:latest       "/opt/bitnami/script…"   21 seconds ago   Up 16 seconds   0.0.0.0:9092->9092/tcp, :::9092->9092/tcp, 0.0.0.0:29092->29092/tcp, :::29092->29092/tcp   kafka-broker
193325cb9eee   bitnami/zookeeper:latest   "/opt/bitnami/script…"   25 seconds ago   Up 20 seconds   2888/tcp, 3888/tcp, 0.0.0.0:2181->2181/tcp, :::2181->2181/tcp, 8080/tcp                    zookeeper
devmittal@Devs-MacBook-Air Ex_Files_Apache_Kafka % docker exec -it kafka-broker /bin/bash
I have no name!@217a0d1fbf8d:/$ cd /opt/bitnami/kafka
I have no name!@217a0d1fbf8d:/opt/bitnami/kafka$ ls
LICENSE  NOTICE  bin  conf  config  libs  licenses  logs  site-docs
I have no name!@217a0d1fbf8d:/opt/bitnami/kafka$ ls config
connect-console-sink.properties    consumer.properties
connect-console-source.properties  kraft
connect-distributed.properties	   log4j.properties
connect-file-sink.properties	   producer.properties
connect-file-source.properties	   server.properties
connect-log4j.properties	   tools-log4j.properties
connect-mirror-maker.properties    trogdor.conf
connect-standalone.properties	   zookeeper.properties
I have no name!@217a0d1fbf8d:/opt/bitnami/kafka$ ls logs
controller.log		      kafka-request.log   server.log
controller.log.2021-05-18-08  kafkaServer-gc.log  state-change.log
kafka-authorizer.log	      log-cleaner.log
I have no name!@217a0d1fbf8d:/opt/bitnami/kafka$ ls bin
connect-distributed.sh	      kafka-preferred-replica-election.sh
connect-mirror-maker.sh       kafka-producer-perf-test.sh
connect-standalone.sh	      kafka-reassign-partitions.sh
kafka-acls.sh		      kafka-replica-verification.sh
kafka-broker-api-versions.sh  kafka-run-class.sh
kafka-cluster.sh	      kafka-server-start.sh
kafka-configs.sh	      kafka-server-stop.sh
kafka-console-consumer.sh     kafka-storage.sh
kafka-console-producer.sh     kafka-streams-application-reset.sh
kafka-consumer-groups.sh      kafka-topics.sh
kafka-consumer-perf-test.sh   kafka-verifiable-consumer.sh
kafka-delegation-tokens.sh    kafka-verifiable-producer.sh
kafka-delete-records.sh       trogdor.sh
kafka-dump-log.sh	      windows
kafka-features.sh	      zookeeper-security-migration.sh
kafka-leader-election.sh      zookeeper-server-start.sh
kafka-log-dirs.sh	      zookeeper-server-stop.sh
kafka-metadata-shell.sh       zookeeper-shell.sh
kafka-mirror-maker.sh
I have no name!@217a0d1fbf8d:/opt/bitnami/kafka$ cd bin
I have no name!@217a0d1fbf8d:/opt/bitnami/kafka/bin$ ls
connect-distributed.sh	      kafka-preferred-replica-election.sh
connect-mirror-maker.sh       kafka-producer-perf-test.sh
connect-standalone.sh	      kafka-reassign-partitions.sh
kafka-acls.sh		      kafka-replica-verification.sh
kafka-broker-api-versions.sh  kafka-run-class.sh
kafka-cluster.sh	      kafka-server-start.sh
kafka-configs.sh	      kafka-server-stop.sh
kafka-console-consumer.sh     kafka-storage.sh
kafka-console-producer.sh     kafka-streams-application-reset.sh
kafka-consumer-groups.sh      kafka-topics.sh
kafka-consumer-perf-test.sh   kafka-verifiable-consumer.sh
kafka-delegation-tokens.sh    kafka-verifiable-producer.sh
kafka-delete-records.sh       trogdor.sh
kafka-dump-log.sh	      windows
kafka-features.sh	      zookeeper-security-migration.sh
kafka-leader-election.sh      zookeeper-server-start.sh
kafka-log-dirs.sh	      zookeeper-server-stop.sh
kafka-metadata-shell.sh       zookeeper-shell.sh
kafka-mirror-maker.sh
I have no name!@217a0d1fbf8d:/opt/bitnami/kafka/bin$ ./kafka-topics.sh \
> --zookeeper zookeeper: 2181 \
> --create \ 
> --topic kafka.learning.tweets \
> --partitions 1 \
> --replication-factor 1
WARNING: Due to limitations in metric names, topics with a period ('.') or underscore ('_') could collide. To avoid issues it is best to use either, but not both.
Created topic kafka.learning.tweets.
I have no name!@217a0d1fbf8d:/opt/bitnami/kafka/bin$ ./kafka-topics.sh \
> > --zookeeper zookeeper: 2181 \
> > --create \ 
Command must include exactly one action: --list, --describe, --create, --alter or --delete
Option                                   Description                            
------                                   -----------                            
--alter                                  Alter the number of partitions,        
                                           replica assignment, and/or           
                                           configuration for the topic.         
--at-min-isr-partitions                  if set when describing topics, only    
                                           show partitions whose isr count is   
                                           equal to the configured minimum. Not 
                                           supported with the --zookeeper       
                                           option.                              
--bootstrap-server <String: server to    REQUIRED: The Kafka server to connect  
  connect to>                              to. In case of providing this, a     
                                           direct Zookeeper connection won't be 
                                           required.                            
--command-config <String: command        Property file containing configs to be 
  config property file>                    passed to Admin Client. This is used 
                                           only with --bootstrap-server option  
                                           for describing and altering broker   
                                           configs.                             
--config <String: name=value>            A topic configuration override for the 
                                           topic being created or altered. The  
                                           following is a list of valid         
                                           configurations:                      
                                         	cleanup.policy                        
                                         	compression.type                      
                                         	delete.retention.ms                   
                                         	file.delete.delay.ms                  
                                         	flush.messages                        
                                         	flush.ms                              
                                         	follower.replication.throttled.       
                                           replicas                             
                                         	index.interval.bytes                  
                                         	leader.replication.throttled.replicas 
                                         	max.compaction.lag.ms                 
                                         	max.message.bytes                     
                                         	message.downconversion.enable         
                                         	message.format.version                
                                         	message.timestamp.difference.max.ms   
                                         	message.timestamp.type                
                                         	min.cleanable.dirty.ratio             
                                         	min.compaction.lag.ms                 
                                         	min.insync.replicas                   
                                         	preallocate                           
                                         	retention.bytes                       
                                         	retention.ms                          
                                         	segment.bytes                         
                                         	segment.index.bytes                   
                                         	segment.jitter.ms                     
                                         	segment.ms                            
                                         	unclean.leader.election.enable        
                                         See the Kafka documentation for full   
                                           details on the topic configs. It is  
                                           supported only in combination with --
                                           create if --bootstrap-server option  
                                           is used (the kafka-configs CLI       
                                           supports altering topic configs with 
                                           a --bootstrap-server option).        
--create                                 Create a new topic.                    
--delete                                 Delete a topic                         
--delete-config <String: name>           A topic configuration override to be   
                                           removed for an existing topic (see   
                                           the list of configurations under the 
                                           --config option). Not supported with 
                                           the --bootstrap-server option.       
--describe                               List details for the given topics.     
--disable-rack-aware                     Disable rack aware replica assignment  
--exclude-internal                       exclude internal topics when running   
                                           list or describe command. The        
                                           internal topics will be listed by    
                                           default                              
--force                                  Suppress console prompts               
--help                                   Print usage information.               
--if-exists                              if set when altering or deleting or    
                                           describing topics, the action will   
                                           only execute if the topic exists.    
--if-not-exists                          if set when creating topics, the       
                                           action will only execute if the      
                                           topic does not already exist.        
--list                                   List all available topics.             
--partitions <Integer: # of partitions>  The number of partitions for the topic 
                                           being created or altered (WARNING:   
                                           If partitions are increased for a    
                                           topic that has a key, the partition  
                                           logic or ordering of the messages    
                                           will be affected). If not supplied   
                                           for create, defaults to the cluster  
                                           default.                             
--replica-assignment <String:            A list of manual partition-to-broker   
  broker_id_for_part1_replica1 :           assignments for the topic being      
  broker_id_for_part1_replica2 ,           created or altered.                  
  broker_id_for_part2_replica1 :                                                
  broker_id_for_part2_replica2 , ...>                                           
--replication-factor <Integer:           The replication factor for each        
  replication factor>                      partition in the topic being         
                                           created. If not supplied, defaults   
                                           to the cluster default.              
--topic <String: topic>                  The topic to create, alter, describe   
                                           or delete. It also accepts a regular 
                                           expression, except for --create      
                                           option. Put topic name in double     
                                           quotes and use the '\' prefix to     
                                           escape regular expression symbols; e.
                                           g. "test\.topic".                    
--topics-with-overrides                  if set when describing topics, only    
                                           show topics that have overridden     
                                           configs                              
--unavailable-partitions                 if set when describing topics, only    
                                           show partitions whose leader is not  
                                           available                            
--under-min-isr-partitions               if set when describing topics, only    
                                           show partitions whose isr count is   
                                           less than the configured minimum.    
                                           Not supported with the --zookeeper   
                                           option.                              
--under-replicated-partitions            if set when describing topics, only    
                                           show under replicated partitions     
--version                                Display Kafka version.                 
--zookeeper <String: hosts>              DEPRECATED, The connection string for  
                                           the zookeeper connection in the form 
                                           host:port. Multiple hosts can be     
                                           given to allow fail-over.            
I have no name!@217a0d1fbf8d:/opt/bitnami/kafka/bin$ > --topic kafka.learning.tweets \
> > --partitions 1 \
> > --replication-factor 1
bash: kafka.learning.tweets: command not found
I have no name!@217a0d1fbf8d:/opt/bitnami/kafka/bin$ clear
bash: clear: command not found
I have no name!@217a0d1fbf8d:/opt/bitnami/kafka/bin$ ./kafka-topics.sh \
> --zookeeper zookeeper:2181 \
> --create \
> --topic kafka.learning.alerts \
> --partitions 1 \
> --replication-factor 1
WARNING: Due to limitations in metric names, topics with a period ('.') or underscore ('_') could collide. To avoid issues it is best to use either, but not both.
Created topic kafka.learning.alerts.
I have no name!@217a0d1fbf8d:/opt/bitnami/kafka/bin$ ./kafka-topics.sh \
> --zookeeper zookeeper:2181 \
> --list
kafka.learning.alerts
kafka.learning.tweets
I have no name!@217a0d1fbf8d:/opt/bitnami/kafka/bin$ ./kafka-topics.sh \
> --zookeeper zookeeper:2181 \
> --describe
Topic: kafka.learning.alerts	TopicId: iIAaGodQRR-qOZTwqRw2PA	PartitionCount: 1	ReplicationFactor: 1	Configs: 
	Topic: kafka.learning.alerts	Partition: 0	Leader: 1001	Replicas: 1001	Isr: 1001
Topic: kafka.learning.tweets	TopicId: lpj4vAbjTnerxh78ZKKCxA	PartitionCount: 1	ReplicationFactor: 1	Configs: 
	Topic: kafka.learning.tweets	Partition: 0	Leader: 1001	Replicas: 1001	Isr: 1001
I have no name!@217a0d1fbf8d:/opt/bitnami/kafka/bin$ ./kafka-console-producer.sh
Missing required option(s) [bootstrap-server]
Option                                   Description                            
------                                   -----------                            
--batch-size <Integer: size>             Number of messages to send in a single 
                                           batch if they are not being sent     
                                           synchronously. (default: 200)        
--bootstrap-server <String: server to    REQUIRED unless --broker-list          
  connect to>                              (deprecated) is specified. The server
                                           (s) to connect to. The broker list   
                                           string in the form HOST1:PORT1,HOST2:
                                           PORT2.                               
--broker-list <String: broker-list>      DEPRECATED, use --bootstrap-server     
                                           instead; ignored if --bootstrap-     
                                           server is specified.  The broker     
                                           list string in the form HOST1:PORT1, 
                                           HOST2:PORT2.                         
--compression-codec [String:             The compression codec: either 'none',  
  compression-codec]                       'gzip', 'snappy', 'lz4', or 'zstd'.  
                                           If specified without value, then it  
                                           defaults to 'gzip'                   
--help                                   Print usage information.               
--line-reader <String: reader_class>     The class name of the class to use for 
                                           reading lines from standard in. By   
                                           default each line is read as a       
                                           separate message. (default: kafka.   
                                           tools.                               
                                           ConsoleProducer$LineMessageReader)   
--max-block-ms <Long: max block on       The max time that the producer will    
  send>                                    block for during a send request      
                                           (default: 60000)                     
--max-memory-bytes <Long: total memory   The total memory used by the producer  
  in bytes>                                to buffer records waiting to be sent 
                                           to the server. (default: 33554432)   
--max-partition-memory-bytes <Long:      The buffer size allocated for a        
  memory in bytes per partition>           partition. When records are received 
                                           which are smaller than this size the 
                                           producer will attempt to             
                                           optimistically group them together   
                                           until this size is reached.          
                                           (default: 16384)                     
--message-send-max-retries <Integer>     Brokers can fail receiving the message 
                                           for multiple reasons, and being      
                                           unavailable transiently is just one  
                                           of them. This property specifies the 
                                           number of retries before the         
                                           producer give up and drop this       
                                           message. (default: 3)                
--metadata-expiry-ms <Long: metadata     The period of time in milliseconds     
  expiration interval>                     after which we force a refresh of    
                                           metadata even if we haven't seen any 
                                           leadership changes. (default: 300000)
--producer-property <String:             A mechanism to pass user-defined       
  producer_prop>                           properties in the form key=value to  
                                           the producer.                        
--producer.config <String: config file>  Producer config properties file. Note  
                                           that [producer-property] takes       
                                           precedence over this config.         
--property <String: prop>                A mechanism to pass user-defined       
                                           properties in the form key=value to  
                                           the message reader. This allows      
                                           custom configuration for a user-     
                                           defined message reader. Default      
                                           properties include:                  
                                         	parse.key=true|false                  
                                         	key.separator=<key.separator>         
                                         	ignore.error=true|false               
--request-required-acks <String:         The required acks of the producer      
  request required acks>                   requests (default: 1)                
--request-timeout-ms <Integer: request   The ack timeout of the producer        
  timeout ms>                              requests. Value must be non-negative 
                                           and non-zero (default: 1500)         
--retry-backoff-ms <Integer>             Before each retry, the producer        
                                           refreshes the metadata of relevant   
                                           topics. Since leader election takes  
                                           a bit of time, this property         
                                           specifies the amount of time that    
                                           the producer waits before refreshing 
                                           the metadata. (default: 100)         
--socket-buffer-size <Integer: size>     The size of the tcp RECV size.         
                                           (default: 102400)                    
--sync                                   If set message send requests to the    
                                           brokers are synchronously, one at a  
                                           time as they arrive.                 
--timeout <Integer: timeout_ms>          If set and the producer is running in  
                                           asynchronous mode, this gives the    
                                           maximum amount of time a message     
                                           will queue awaiting sufficient batch 
                                           size. The value is given in ms.      
                                           (default: 1000)                      
--topic <String: topic>                  REQUIRED: The topic id to produce      
                                           messages to.                         
--version                                Display Kafka version.                 
I have no name!@217a0d1fbf8d:/opt/bitnami/kafka/bin$ ./kafka-console-producer.sh \
>             --bootstrap-server localhost:29092 \
>             --topic kafka.learning.tweets
>This is my first Tweet
>second tweet
>this is working great
>^CI have no name!@217a0d1fbf8d:/opt/bitnami/kafka/bin$ ./kafka-console-consumer \h 
>             --bootstrap-server localhost:29092 \
>             --topic kafka.learning.tweets \
>             --from-beginning
This is my first Tweet
second tweet
this is working great
^CProcessed a total of 3 messages
I have no name!@217a0d1fbf8d:/opt/bitnami/kafka/bin$ ./kafka-console-consumer \h 
bash: ./kafka-console-consumer: No such file or directory
I have no name!@217a0d1fbf8d:/opt/bitnami/kafka/bin$ >             --bootstrap-server localhost:29092 \
> >             --topic kafka.learning.tweets \
> 
bash: localhost:29092: command not found
I have no name!@217a0d1fbf8d:/opt/bitnami/kafka/bin$ ./kafka-console-consumer.sh \
> --bootstrap-server localhost:29092 \
> --topic kafka.learning.tweets
^CProcessed a total of 0 messages
I have no name!@217a0d1fbf8d:/opt/bitnami/kafka/bin$ ./kafka-topics.sh \
>             --zookeeper zookeeper:2181 \
>             --delete \
>             --topic kafka.learning.alerts
Topic kafka.learning.alerts is marked for deletion.
Note: This will have no impact if delete.topic.enable is not set to true.
I have no name!@217a0d1fbf8d:/opt/bitnami/kafka/bin$ ./zkCli.sh
bash: ./zkCli.sh: No such file or directory
I have no name!@217a0d1fbf8d:/opt/bitnami/kafka/bin$ ./zkCli.sh
bash: ./zkCli.sh: No such file or directory
I have no name!@217a0d1fbf8d:/opt/bitnami/kafka/bin$ 
